2026-08-04 09:35:15 | INFO     | ======================================================================
2026-08-04 09:35:15 | INFO     | GameVault Bootstrap Starting
2026-08-04 09:35:15 | INFO     | ======================================================================
2026-08-04 09:35:15 | INFO     | Executable : bootstrap.py
2026-08-04 09:35:15 | INFO     | Working Dir: X:\CodingProjects\Git\GameVault-BootStrap
2026-08-04 09:35:15 | INFO     | Python     : 3.12.10
2026-08-04 09:35:15 | INFO     | 
2026-08-04 09:35:15 | INFO     | Bootstrap Context
2026-08-04 09:35:15 | INFO     | -----------------
2026-08-04 09:35:15 | INFO     | Game              : OpenRA
2026-08-04 09:35:15 | INFO     | Install Directory : D:\Games\OpenRA
2026-08-04 09:35:15 | INFO     | Package Directory : X:\CodingProjects\Git\GameVault-BootStrap
2026-08-04 09:35:15 | INFO     | 
2026-08-04 09:35:15 | INFO     | Command Line
2026-08-04 09:35:15 | INFO     | ------------
2026-08-04 09:35:15 | INFO     | bootstrap.py
2026-08-04 09:35:15 | INFO     | --install-dir
2026-08-04 09:35:15 | INFO     | D:\Games\OpenRA
2026-08-04 09:35:15 | INFO     | 
2026-08-04 09:35:15 | INFO     | Connecting to GitHub...
2026-08-04 09:35:16 | INFO     | 
2026-08-04 09:35:16 | INFO     | Latest Release
2026-08-04 09:35:16 | INFO     | --------------
2026-08-04 09:35:16 | INFO     | Tag       : release-20250330
2026-08-04 09:35:16 | INFO     | Name      : 
2026-08-04 09:35:16 | INFO     | Published : 2025-03-30T17:36:43Z
2026-08-04 09:35:16 | INFO     | 
2026-08-04 09:35:16 | INFO     | Selected Asset
2026-08-04 09:35:16 | INFO     | --------------
2026-08-04 09:35:16 | INFO     | Name : OpenRA-release-20250330-x64.exe
2026-08-04 09:35:16 | INFO     | Size : 61,266,292 bytes
2026-08-04 09:35:16 | INFO     | URL  : https://github.com/OpenRA/OpenRA/releases/download/release-20250330/OpenRA-release-20250330-x64.exe
2026-08-04 09:35:16 | INFO     | 
2026-08-04 09:35:16 | INFO     | Finished.
2026-08-04 09:35:16 | INFO     | 
2026-08-04 09:35:16 | INFO     | Downloading
2026-08-04 09:35:16 | INFO     | -----------
2026-08-04 09:35:16 | INFO     | OpenRA-release-20250330-x64.exe
2026-08-04 09:35:17 | INFO     | 1%
2026-08-04 09:35:17 | INFO     | 3%
2026-08-04 09:35:17 | INFO     | 5%
2026-08-04 09:35:18 | INFO     | 6%
2026-08-04 09:35:18 | INFO     | 8%
2026-08-04 09:35:18 | INFO     | 10%
2026-08-04 09:35:18 | INFO     | 11%
2026-08-04 09:35:18 | INFO     | 13%
2026-08-04 09:35:18 | INFO     | 15%
2026-08-04 09:35:18 | INFO     | 17%
2026-08-04 09:35:18 | INFO     | 18%
2026-08-04 09:35:18 | INFO     | 20%
2026-08-04 09:35:18 | INFO     | 22%
2026-08-04 09:35:18 | INFO     | 23%
2026-08-04 09:35:18 | INFO     | 25%
2026-08-04 09:35:18 | INFO     | 27%
2026-08-04 09:35:18 | INFO     | 29%
2026-08-04 09:35:18 | INFO     | 30%
2026-08-04 09:35:18 | INFO     | 32%
2026-08-04 09:35:18 | INFO     | 34%
2026-08-04 09:35:18 | INFO     | 35%
2026-08-04 09:35:18 | INFO     | 37%
2026-08-04 09:35:18 | INFO     | 39%
2026-08-04 09:35:18 | INFO     | 41%
2026-08-04 09:35:18 | INFO     | 42%
2026-08-04 09:35:18 | INFO     | 44%
2026-08-04 09:35:19 | INFO     | 46%
2026-08-04 09:35:19 | INFO     | 47%
2026-08-04 09:35:19 | INFO     | 49%
2026-08-04 09:35:19 | INFO     | 51%
2026-08-04 09:35:19 | INFO     | 53%
2026-08-04 09:35:19 | INFO     | 54%
2026-08-04 09:35:19 | INFO     | 56%
2026-08-04 09:35:19 | INFO     | 58%
2026-08-04 09:35:19 | INFO     | 59%
2026-08-04 09:35:19 | INFO     | 61%
2026-08-04 09:35:19 | INFO     | 63%
2026-08-04 09:35:19 | INFO     | 65%
2026-08-04 09:35:19 | INFO     | 66%
2026-08-04 09:35:19 | INFO     | 68%
2026-08-04 09:35:19 | INFO     | 70%
2026-08-04 09:35:19 | INFO     | 71%
2026-08-04 09:35:19 | INFO     | 73%
2026-08-04 09:35:19 | INFO     | 75%
2026-08-04 09:35:19 | INFO     | 77%
2026-08-04 09:35:19 | INFO     | 78%
2026-08-04 09:35:19 | INFO     | 80%
2026-08-04 09:35:19 | INFO     | 82%
2026-08-04 09:35:19 | INFO     | 83%
2026-08-04 09:35:19 | INFO     | 85%
2026-08-04 09:35:20 | INFO     | 87%
2026-08-04 09:35:20 | INFO     | 88%
2026-08-04 09:35:20 | INFO     | 90%
2026-08-04 09:35:20 | INFO     | 92%
2026-08-04 09:35:20 | INFO     | 94%
2026-08-04 09:35:20 | INFO     | 95%
2026-08-04 09:35:20 | INFO     | 97%
2026-08-04 09:35:20 | INFO     | 99%
2026-08-04 09:35:20 | INFO     | 100%
2026-08-04 09:35:20 | INFO     | Download complete
2026-08-04 09:35:20 | INFO     | 
2026-08-04 09:35:20 | INFO     | Downloaded to:
2026-08-04 09:35:20 | INFO     | D:\Games\OpenRA\Downloads\OpenRA-release-20250330-x64.exe
2026-08-04 09:35:20 | INFO     | 
2026-08-04 09:35:20 | INFO     | Running Installer
2026-08-04 09:35:20 | INFO     | -----------------
2026-08-04 09:35:20 | INFO     | 
2026-08-04 09:35:20 | INFO     | Launching Elevated Process
2026-08-04 09:35:20 | INFO     | --------------------------
2026-08-04 09:35:20 | INFO     | Executable : D:\Games\OpenRA\Downloads\OpenRA-release-20250330-x64.exe
2026-08-04 09:35:20 | INFO     | Arguments  : /VERYSILENT /DIR=D:\Games\OpenRA
2026-08-04 09:35:22 | INFO     | Process launched successfully.
2026-08-04 09:35:22 | INFO     | 
2026-08-04 09:35:22 | INFO     | Installer launched.
2026-08-04 09:35:22 | INFO     | 
2026-08-04 09:35:22 | INFO     | Copying Assets
2026-08-04 09:35:22 | INFO     | --------------
2026-08-04 09:35:22 | INFO     | X:\CodingProjects\Git\GameVault-BootStrap\Assets\Movies
2026-08-04 09:35:22 | INFO     |  -> D:\Games\OpenRA\Content\Movies
